// Jest Snapshot v1, https://goo.gl/fbAQLP

exports[`render all components should match the snapshot 1`] = `
<Provider
  store={
    Object {
      "@@observable": [Function],
      "dispatch": [Function],
      "getState": [Function],
      "replaceReducer": [Function],
      "subscribe": [Function],
    }
  }
>
  <div>
    <Connect(ToDoApp) />
    <Connect(ToDoList) />
  </div>
</Provider>
`;
